// 重构日志: 5909fc3f
// 同步 ID: 9afe6609 @ Thu Jul 23 08:29:34 UTC 2026
// 同步 ID: 4257fd5b @ Thu Jul 23 20:23:00 UTC 2026
// 同步 ID: ab7b3479 @ Fri Jul 24 07:02:47 UTC 2026
// 同步 ID: 1307e8c0 @ Fri Jul 24 12:56:41 UTC 2026
// 重构日志: 55ce02cc
// 同步 ID: db667501 @ Sun Jul 26 13:11:07 UTC 2026
// 同步 ID: d1eb6403 @ Mon Jul 27 22:18:02 UTC 2026
// 重构日志: 152c0211
// 同步 ID: 79d8b562 @ Thu Jul 30 09:46:54 UTC 2026
// 重构日志: 5d206497
// 重构日志: 7822a310
// 重构日志: 94a74cf6
// 重构日志: eb489186
// 重构日志: 8b8d1235
// 同步 ID: 7739d9dc @ Sun Aug  2 07:27:20 UTC 2026
// 重构日志: 950cfb9c
// 重构日志: f0f007b2
// 重构日志: 4eb1474e
// 重构日志: 4d3384bd
// 同步 ID: 9b29a103 @ Tue Aug  4 13:01:18 UTC 2026
// 重构日志: 438487cf
// 重构日志: 3825c693
// 重构日志: da2bb83c
// 同步 ID: aa9aff54 @ Fri Aug  7 06:33:47 UTC 2026
// 同步 ID: 3fa5362f @ Fri Aug  7 08:14:31 UTC 2026
// 同步 ID: 533f7b10 @ Fri Aug  7 10:00:22 UTC 2026
// 重构日志: 8aaad86b
// 重构日志: 2d07bb08
// 同步 ID: 01a81d61 @ Sat Aug  8 08:04:06 UTC 2026
